// Jest Snapshot v1, https://goo.gl/fbAQLP

exports[`Input Snapshot should be render Input component 1`] = `
<View
  style={
    Array [
      Object {
        "flexDirection": "row",
      },
    ]
  }
>
  <Text
    style={
      Array [
        Object {
          "color": "#fff",
          "fontSize": 34.285714285714285,
        },
      ]
    }
  >
    testing
  </Text>
  <TextInput
    allowFontScaling={true}
    onBlur={[Function]}
    onFocus={[Function]}
    rejectResponderTermination={true}
    showBorder={false}
    style={
      Array [
        Object {
          "borderColor": "transparent",
        },
      ]
    }
    title="testing"
    underlineColorAndroid="transparent"
  />
</View>
`;
